exports[`test snapshot can be taken 1`] = `
<div
  className="App">
  <p
    className="App-intro">
    To get started, edit 
    <code>
      src/App.js
    </code>
     and save to reload.
  </p>
</div>
`;
